_IntComp_mismatch,0,1
_IntComp_mismatch,1,2
_IntComp_mismatch,0,2
_IntComp_mismatch,2,1
_IntComp_match,1
_FloatComp_mismatch,0.000000,1.000000
_FloatComp_mismatch,1.000000,2.000000
_FloatComp_mismatch,0.000000,2.000000
_FloatComp_mismatch,2.000000,1.000000
_FloatComp_match,1.000000
_CharComp_mismatch,0,1
_CharComp_mismatch,1,2
_CharComp_mismatch,0,2
_CharComp_mismatch,2,1
_CharComp_match,1
_StringComp_mismatch,0,1
_StringComp_mismatch,1,2
_StringComp_mismatch,0,2
_StringComp_mismatch,2,1
_StringComp_match,1
_PointerComp_mismatch,(nil),0x1
_PointerComp_mismatch,0x1,0x2
_PointerComp_mismatch,(nil),0x2
_PointerComp_mismatch,0x2,0x1
_PointerComp_match,0x1
_OpaqueComp_mismatch,0,1
_OpaqueComp_mismatch,1,2
_OpaqueComp_mismatch,0,2
_OpaqueComp_mismatch,2,1
_OpaqueComp_match,1
