_IntComp_mismatch,0,1
_IntComp_mismatch,0,2
_IntComp_mismatch,1,2
_IntComp_match,1
_IntComp_mismatch,2,1
_FloatComp_mismatch,0,1
_FloatComp_mismatch,0,2
_FloatComp_mismatch,1,2
_FloatComp_match,1
_FloatComp_mismatch,2,1
_CharComp_mismatch,0,1
_CharComp_mismatch,0,2
_CharComp_mismatch,1,2
_CharComp_match,1
_CharComp_mismatch,2,1
_StringComp_mismatch,0,1
_StringComp_mismatch,0,2
_StringComp_mismatch,1,2
_StringComp_match,1
_StringComp_mismatch,2,1
_PointerComp_mismatch,0,1
_PointerComp_mismatch,0,2
_PointerComp_mismatch,1,2
_PointerComp_match,1
_PointerComp_mismatch,2,1
_OpaqueComp_mismatch,0,1
_OpaqueComp_mismatch,0,2
_OpaqueComp_mismatch,1,2
_OpaqueComp_match,1
_OpaqueComp_mismatch,2,1
