_Adder_sum,1.0
_Adder_sum,3.0
_Adder_sum,6.5
_Adder_sum,10.5
_Adder_sum,15.5
