{
    "fmt_version": [2, 0],
    "channel": "_Adder_sum",
    "event": "Adder.sum",
    "identities": [],
    "params": [2.0],
    "aux": {
        "arbitrary": "json data"
     }
} 
