_StringComp_match,
_OpaqueComp_match,
_StringComp_match,
_OpaqueComp_match,
_StringComp_mismatch,,a
_OpaqueComp_mismatch,,a
_StringComp_mismatch,a,ab
_OpaqueComp_mismatch,a,ab
_StringComp_mismatch,ab,a
_OpaqueComp_mismatch,ab,a
_StringComp_match,a
_OpaqueComp_match,a
_StringComp_mismatch,a,
_OpaqueComp_mismatch,a,
_StringComp_match,
_OpaqueComp_match,
_StringComp_mismatch,,abcd
_OpaqueComp_mismatch,,abcd
_StringComp_mismatch,abcd,abce
_OpaqueComp_mismatch,abcd,abce
_StringComp_mismatch,abce,bbce
_OpaqueComp_mismatch,abce,bbce
_StringComp_match,bbce
_OpaqueComp_match,bbce
