{
    "fmt_version": [2, 0],
    "channel": "_simple_out",
    "event": "simple.out",
    "params": [2],
    "aux": {
        "arbitrary": "json data"
     }
} 
