{
    "fmt_version": [2, 0],
    "channel": "_Simple_out",
    "event": "Simple.out",
    "identities": [],
    "params": [1],
    "aux": {
        "arbitrary": "json data"
     }
} 
{
    "fmt_version": [2, 0],
    "channel": "_Simple_out",
    "event": "Simple.out",
    "identities": [],
    "params": [2],
    "aux": [1, 2, 3]
} 
{
    "fmt_version": [2, 0],
    "channel": "_Simple_out",
    "event": "Simple.out",
    "identities": [],
    "params": [3],
    "aux": "foo"
} 
{
    "fmt_version": [2, 0],
    "channel": "_Simple_out",
    "event": "Simple.out",
    "identities": [],
    "params": [4],
    "aux": 36
} 
{
    "fmt_version": [2, 0],
    "channel": "_Simple_out",
    "event": "Simple.out",
    "identities": [],
    "params": [5],
    "aux": {
    }
} 
