_Simple_out,1
_Simple_out,2
_Simple_out,3
_Simple_out,4
_Simple_out,5
