{
    "fmt_version": [2, 0],
    "channel": "_Simple_out",
    "event": "Simple.out",
    "identities": [],
    "params": [2],
    "aux": {
        "arbitrary": "json data"
     }
} 
